// Jest Snapshot v1, https://goo.gl/fbAQLP

exports[`<ToggleAutoRefresh /> renders with Props 1`] = `
Object {
  "asFragment": [Function],
  "baseElement": <body>
    <div>
      <label
        class="MuiFormControlLabel-root"
        data-testid="autoRefresh"
      >
        <span
          class="MuiSwitch-root"
        >
          <span
            aria-disabled="false"
            class="MuiButtonBase-root MuiIconButton-root PrivateSwitchBase-root-1 MuiSwitch-switchBase MuiSwitch-colorSecondary PrivateSwitchBase-checked-2 Mui-checked"
            data-testid="rdAutoRefresh"
          >
            <span
              class="MuiIconButton-label"
            >
              <input
                checked=""
                class="PrivateSwitchBase-input-4 MuiSwitch-input"
                name="rdAutoRefresh"
                type="checkbox"
                value=""
              />
              <span
                class="MuiSwitch-thumb"
              />
            </span>
            <span
              class="MuiTouchRipple-root"
            />
          </span>
          <span
            class="MuiSwitch-track"
          />
        </span>
        <span
          class="MuiTypography-root MuiFormControlLabel-label MuiTypography-body1"
        >
          Automaattinen päivitys
        </span>
      </label>
    </div>
  </body>,
  "container": <div>
    <label
      class="MuiFormControlLabel-root"
      data-testid="autoRefresh"
    >
      <span
        class="MuiSwitch-root"
      >
        <span
          aria-disabled="false"
          class="MuiButtonBase-root MuiIconButton-root PrivateSwitchBase-root-1 MuiSwitch-switchBase MuiSwitch-colorSecondary PrivateSwitchBase-checked-2 Mui-checked"
          data-testid="rdAutoRefresh"
        >
          <span
            class="MuiIconButton-label"
          >
            <input
              checked=""
              class="PrivateSwitchBase-input-4 MuiSwitch-input"
              name="rdAutoRefresh"
              type="checkbox"
              value=""
            />
            <span
              class="MuiSwitch-thumb"
            />
          </span>
          <span
            class="MuiTouchRipple-root"
          />
        </span>
        <span
          class="MuiSwitch-track"
        />
      </span>
      <span
        class="MuiTypography-root MuiFormControlLabel-label MuiTypography-body1"
      >
        Automaattinen päivitys
      </span>
    </label>
  </div>,
  "debug": [Function],
  "findAllByAltText": [Function],
  "findAllByDisplayValue": [Function],
  "findAllByLabelText": [Function],
  "findAllByPlaceholderText": [Function],
  "findAllByRole": [Function],
  "findAllByTestId": [Function],
  "findAllByText": [Function],
  "findAllByTitle": [Function],
  "findByAltText": [Function],
  "findByDisplayValue": [Function],
  "findByLabelText": [Function],
  "findByPlaceholderText": [Function],
  "findByRole": [Function],
  "findByTestId": [Function],
  "findByText": [Function],
  "findByTitle": [Function],
  "getAllByAltText": [Function],
  "getAllByDisplayValue": [Function],
  "getAllByLabelText": [Function],
  "getAllByPlaceholderText": [Function],
  "getAllByRole": [Function],
  "getAllByTestId": [Function],
  "getAllByText": [Function],
  "getAllByTitle": [Function],
  "getByAltText": [Function],
  "getByDisplayValue": [Function],
  "getByLabelText": [Function],
  "getByPlaceholderText": [Function],
  "getByRole": [Function],
  "getByTestId": [Function],
  "getByText": [Function],
  "getByTitle": [Function],
  "queryAllByAltText": [Function],
  "queryAllByDisplayValue": [Function],
  "queryAllByLabelText": [Function],
  "queryAllByPlaceholderText": [Function],
  "queryAllByRole": [Function],
  "queryAllByTestId": [Function],
  "queryAllByText": [Function],
  "queryAllByTitle": [Function],
  "queryByAltText": [Function],
  "queryByDisplayValue": [Function],
  "queryByLabelText": [Function],
  "queryByPlaceholderText": [Function],
  "queryByRole": [Function],
  "queryByTestId": [Function],
  "queryByText": [Function],
  "queryByTitle": [Function],
  "rerender": [Function],
  "unmount": [Function],
}
`;
